V01_ReplayPlantedTest seed 0x0000000000000001: FAILED as required (rc=1, markers=2)
V01_ReplayPlantedTest seed 0x0000000000000002: FAILED as required (rc=1, markers=2)
V01_ReplayPlantedTest seed 0x0000000000000003: FAILED as required (rc=1, markers=2)
V01_ReplayPlantedTest seed 0x0000000000000005: FAILED as required (rc=1, markers=2)
V01_ReplayPlantedTest seed 0x0000000000000008: FAILED as required (rc=1, markers=2)
V01_ReplayPlantedTest seed 0x000000000000000d: FAILED as required (rc=1, markers=2)
V01_ReplayPlantedTest seed 0x0000000000000015: FAILED as required (rc=1, markers=2)
V01_ReplayPlantedTest seed 0x0000000000000022: FAILED as required (rc=1, markers=2)
V01_ReplayPlantedTest seed 0x0123456789abcdef: FAILED as required (rc=1, markers=2)
V01_ReplayPlantedTest seed 0xdeadbeef00000001: FAILED as required (rc=1, markers=2)
V01_ReplayPlantedTest seed 0xcafebabe00000001: FAILED as required (rc=1, markers=2)
V01_ReplayPlantedTest seed 0xfeedface00000001: FAILED as required (rc=1, markers=2)
V01_ReplayPlantedTest seed 0x1337c0de00000001: FAILED as required (rc=1, markers=2)
V01_ReplayPlantedTest seed 0xa5a5a5a5a5a5a5a5: FAILED as required (rc=1, markers=2)
V01_ReplayPlantedTest seed 0x5a5a5a5a5a5a5a5a: FAILED as required (rc=1, markers=2)
V01_ReplayPlantedTest seed 0xffffffffffffffff: FAILED as required (rc=1, markers=2)
V01_ReplayPlantedTest reachability certified: yes (16/16 failed as required)
V02_OverpaymentPlantedTest seed 0x0000000000000001: FAILED as required (rc=1, markers=2)
V02_OverpaymentPlantedTest seed 0x0000000000000002: FAILED as required (rc=1, markers=2)
V02_OverpaymentPlantedTest seed 0x0000000000000003: FAILED as required (rc=1, markers=2)
V02_OverpaymentPlantedTest seed 0x0000000000000005: FAILED as required (rc=1, markers=2)
V02_OverpaymentPlantedTest seed 0x0000000000000008: FAILED as required (rc=1, markers=2)
V02_OverpaymentPlantedTest seed 0x000000000000000d: FAILED as required (rc=1, markers=2)
V02_OverpaymentPlantedTest seed 0x0000000000000015: FAILED as required (rc=1, markers=2)
V02_OverpaymentPlantedTest seed 0x0000000000000022: FAILED as required (rc=1, markers=2)
V02_OverpaymentPlantedTest seed 0x0123456789abcdef: FAILED as required (rc=1, markers=2)
V02_OverpaymentPlantedTest seed 0xdeadbeef00000001: FAILED as required (rc=1, markers=2)
V02_OverpaymentPlantedTest seed 0xcafebabe00000001: FAILED as required (rc=1, markers=2)
V02_OverpaymentPlantedTest seed 0xfeedface00000001: FAILED as required (rc=1, markers=2)
V02_OverpaymentPlantedTest seed 0x1337c0de00000001: FAILED as required (rc=1, markers=2)
V02_OverpaymentPlantedTest seed 0xa5a5a5a5a5a5a5a5: FAILED as required (rc=1, markers=2)
V02_OverpaymentPlantedTest seed 0x5a5a5a5a5a5a5a5a: FAILED as required (rc=1, markers=2)
V02_OverpaymentPlantedTest seed 0xffffffffffffffff: FAILED as required (rc=1, markers=2)
V02_OverpaymentPlantedTest reachability certified: yes (16/16 failed as required)
V03_CrossResourcePlantedTest seed 0x0000000000000001: FAILED as required (rc=1, markers=2)
V03_CrossResourcePlantedTest seed 0x0000000000000002: FAILED as required (rc=1, markers=2)
V03_CrossResourcePlantedTest seed 0x0000000000000003: FAILED as required (rc=1, markers=2)
V03_CrossResourcePlantedTest seed 0x0000000000000005: FAILED as required (rc=1, markers=2)
V03_CrossResourcePlantedTest seed 0x0000000000000008: FAILED as required (rc=1, markers=2)
V03_CrossResourcePlantedTest seed 0x000000000000000d: FAILED as required (rc=1, markers=2)
V03_CrossResourcePlantedTest seed 0x0000000000000015: FAILED as required (rc=1, markers=2)
V03_CrossResourcePlantedTest seed 0x0000000000000022: FAILED as required (rc=1, markers=2)
V03_CrossResourcePlantedTest seed 0x0123456789abcdef: FAILED as required (rc=1, markers=2)
V03_CrossResourcePlantedTest seed 0xdeadbeef00000001: FAILED as required (rc=1, markers=2)
V03_CrossResourcePlantedTest seed 0xcafebabe00000001: FAILED as required (rc=1, markers=2)
V03_CrossResourcePlantedTest seed 0xfeedface00000001: FAILED as required (rc=1, markers=2)
V03_CrossResourcePlantedTest seed 0x1337c0de00000001: FAILED as required (rc=1, markers=2)
V03_CrossResourcePlantedTest seed 0xa5a5a5a5a5a5a5a5: FAILED as required (rc=1, markers=2)
V03_CrossResourcePlantedTest seed 0x5a5a5a5a5a5a5a5a: FAILED as required (rc=1, markers=2)
V03_CrossResourcePlantedTest seed 0xffffffffffffffff: FAILED as required (rc=1, markers=2)
V03_CrossResourcePlantedTest reachability certified: yes (16/16 failed as required)
V04_DoubleGrantPlantedTest seed 0x0000000000000001: FAILED as required (rc=1, markers=2)
V04_DoubleGrantPlantedTest seed 0x0000000000000002: FAILED as required (rc=1, markers=2)
V04_DoubleGrantPlantedTest seed 0x0000000000000003: FAILED as required (rc=1, markers=2)
V04_DoubleGrantPlantedTest seed 0x0000000000000005: FAILED as required (rc=1, markers=2)
V04_DoubleGrantPlantedTest seed 0x0000000000000008: FAILED as required (rc=1, markers=2)
V04_DoubleGrantPlantedTest seed 0x000000000000000d: FAILED as required (rc=1, markers=2)
V04_DoubleGrantPlantedTest seed 0x0000000000000015: FAILED as required (rc=1, markers=2)
V04_DoubleGrantPlantedTest seed 0x0000000000000022: FAILED as required (rc=1, markers=2)
V04_DoubleGrantPlantedTest seed 0x0123456789abcdef: FAILED as required (rc=1, markers=2)
V04_DoubleGrantPlantedTest seed 0xdeadbeef00000001: FAILED as required (rc=1, markers=2)
V04_DoubleGrantPlantedTest seed 0xcafebabe00000001: FAILED as required (rc=1, markers=2)
V04_DoubleGrantPlantedTest seed 0xfeedface00000001: FAILED as required (rc=1, markers=2)
V04_DoubleGrantPlantedTest seed 0x1337c0de00000001: FAILED as required (rc=1, markers=2)
V04_DoubleGrantPlantedTest seed 0xa5a5a5a5a5a5a5a5: FAILED as required (rc=1, markers=2)
V04_DoubleGrantPlantedTest seed 0x5a5a5a5a5a5a5a5a: FAILED as required (rc=1, markers=2)
V04_DoubleGrantPlantedTest seed 0xffffffffffffffff: FAILED as required (rc=1, markers=2)
V04_DoubleGrantPlantedTest reachability certified: yes (16/16 failed as required)
V05_CrossDomainPlantedTest seed 0x0000000000000001: FAILED as required (rc=1, markers=2)
V05_CrossDomainPlantedTest seed 0x0000000000000002: FAILED as required (rc=1, markers=2)
V05_CrossDomainPlantedTest seed 0x0000000000000003: FAILED as required (rc=1, markers=2)
V05_CrossDomainPlantedTest seed 0x0000000000000005: FAILED as required (rc=1, markers=2)
V05_CrossDomainPlantedTest seed 0x0000000000000008: FAILED as required (rc=1, markers=2)
V05_CrossDomainPlantedTest seed 0x000000000000000d: FAILED as required (rc=1, markers=2)
V05_CrossDomainPlantedTest seed 0x0000000000000015: FAILED as required (rc=1, markers=2)
V05_CrossDomainPlantedTest seed 0x0000000000000022: FAILED as required (rc=1, markers=2)
V05_CrossDomainPlantedTest seed 0x0123456789abcdef: FAILED as required (rc=1, markers=2)
V05_CrossDomainPlantedTest seed 0xdeadbeef00000001: FAILED as required (rc=1, markers=2)
V05_CrossDomainPlantedTest seed 0xcafebabe00000001: FAILED as required (rc=1, markers=2)
V05_CrossDomainPlantedTest seed 0xfeedface00000001: FAILED as required (rc=1, markers=2)
V05_CrossDomainPlantedTest seed 0x1337c0de00000001: FAILED as required (rc=1, markers=2)
V05_CrossDomainPlantedTest seed 0xa5a5a5a5a5a5a5a5: FAILED as required (rc=1, markers=2)
V05_CrossDomainPlantedTest seed 0x5a5a5a5a5a5a5a5a: FAILED as required (rc=1, markers=2)
V05_CrossDomainPlantedTest seed 0xffffffffffffffff: FAILED as required (rc=1, markers=2)
V05_CrossDomainPlantedTest reachability certified: yes (16/16 failed as required)
V06_DelegationCapPlantedTest seed 0x0000000000000001: FAILED as required (rc=1, markers=2)
V06_DelegationCapPlantedTest seed 0x0000000000000002: FAILED as required (rc=1, markers=2)
V06_DelegationCapPlantedTest seed 0x0000000000000003: FAILED as required (rc=1, markers=2)
V06_DelegationCapPlantedTest seed 0x0000000000000005: FAILED as required (rc=1, markers=2)
V06_DelegationCapPlantedTest seed 0x0000000000000008: FAILED as required (rc=1, markers=2)
V06_DelegationCapPlantedTest seed 0x000000000000000d: FAILED as required (rc=1, markers=2)
V06_DelegationCapPlantedTest seed 0x0000000000000015: FAILED as required (rc=1, markers=2)
V06_DelegationCapPlantedTest seed 0x0000000000000022: FAILED as required (rc=1, markers=2)
V06_DelegationCapPlantedTest seed 0x0123456789abcdef: FAILED as required (rc=1, markers=2)
V06_DelegationCapPlantedTest seed 0xdeadbeef00000001: FAILED as required (rc=1, markers=2)
V06_DelegationCapPlantedTest seed 0xcafebabe00000001: FAILED as required (rc=1, markers=2)
V06_DelegationCapPlantedTest seed 0xfeedface00000001: FAILED as required (rc=1, markers=2)
V06_DelegationCapPlantedTest seed 0x1337c0de00000001: FAILED as required (rc=1, markers=2)
V06_DelegationCapPlantedTest seed 0xa5a5a5a5a5a5a5a5: FAILED as required (rc=1, markers=2)
V06_DelegationCapPlantedTest seed 0x5a5a5a5a5a5a5a5a: FAILED as required (rc=1, markers=2)
V06_DelegationCapPlantedTest seed 0xffffffffffffffff: FAILED as required (rc=1, markers=2)
V06_DelegationCapPlantedTest reachability certified: yes (16/16 failed as required)

reachability certified: yes (all suites, 16/16 failed as required)
